\BOOKMARK [1][-]{section.1}{\376\377\000I\000n\000t\000r\000o\000d\000u\000c\000c\000i\000\363\000n}{}% 1
\BOOKMARK [1][-]{section.2}{\376\377\000D\000e\000s\000c\000r\000i\000p\000c\000i\000\363\000n\000\040\000d\000e\000l\000\040\000p\000r\000o\000b\000l\000e\000m\000a}{}% 2
\BOOKMARK [1][-]{section.3}{\376\377\000M\000o\000d\000e\000l\000a\000d\000o\000\040\000f\000o\000r\000m\000a\000l}{}% 3
\BOOKMARK [2][-]{subsection.3.1}{\376\377\000C\000o\000n\000j\000u\000n\000t\000o\000\040\000d\000e\000\040\000p\000a\000c\000i\000e\000n\000t\000e\000s}{section.3}% 4
\BOOKMARK [2][-]{subsection.3.2}{\376\377\000R\000e\000c\000u\000r\000s\000o\000s\000\040\000d\000e\000l\000\040\000h\000o\000s\000p\000i\000t\000a\000l}{section.3}% 5
\BOOKMARK [2][-]{subsection.3.3}{\376\377\000V\000a\000r\000i\000a\000b\000l\000e\000s\000\040\000d\000e\000\040\000e\000s\000t\000a\000d\000o}{section.3}% 6
\BOOKMARK [2][-]{subsection.3.4}{\376\377\000E\000v\000o\000l\000u\000c\000i\000\363\000n\000\040\000t\000e\000m\000p\000o\000r\000a\000l\000\040\000d\000e\000\040\000l\000o\000s\000\040\000p\000a\000c\000i\000e\000n\000t\000e\000s}{section.3}% 7
\BOOKMARK [3][-]{subsubsection.3.4.1}{\376\377\000P\000a\000c\000i\000e\000n\000t\000e\000\040\000e\000n\000\040\000e\000s\000p\000e\000r\000a}{subsection.3.4}% 8
\BOOKMARK [3][-]{subsubsection.3.4.2}{\376\377\000P\000a\000c\000i\000e\000n\000t\000e\000\040\000i\000n\000g\000r\000e\000s\000a\000d\000o}{subsection.3.4}% 9
\BOOKMARK [2][-]{subsection.3.5}{\376\377\000F\000u\000n\000c\000i\000\363\000n\000\040\000o\000b\000j\000e\000t\000i\000v\000o}{section.3}% 10
\BOOKMARK [2][-]{subsection.3.6}{\376\377\000R\000e\000s\000t\000r\000i\000c\000c\000i\000o\000n\000e\000s}{section.3}% 11
\BOOKMARK [2][-]{subsection.3.7}{\376\377\000F\000o\000r\000m\000u\000l\000a\000c\000i\000\363\000n\000\040\000d\000e\000l\000\040\000p\000r\000o\000b\000l\000e\000m\000a}{section.3}% 12
\BOOKMARK [3][-]{subsubsection.3.7.1}{\376\377\000D\000e\000f\000i\000n\000i\000c\000i\000o\000n\000e\000s}{subsection.3.7}% 13
\BOOKMARK [3][-]{subsubsection.3.7.2}{\376\377\000N\000o\000t\000a\000c\000i\000\363\000n}{subsection.3.7}% 14
\BOOKMARK [3][-]{subsubsection.3.7.3}{\376\377\000I\000n\000t\000e\000r\000p\000r\000e\000t\000a\000c\000i\000\363\000n\000\040\000d\000e\000l\000\040\000m\000o\000d\000e\000l\000o}{subsection.3.7}% 15
\BOOKMARK [1][-]{section.4}{\376\377\000D\000a\000t\000a\000s\000e\000t\000\040\000u\000t\000i\000l\000i\000z\000a\000d\000o}{}% 16
\BOOKMARK [2][-]{subsection.4.1}{\376\377\000O\000r\000i\000g\000e\000n\000\040\000d\000e\000l\000\040\000d\000a\000t\000a\000s\000e\000t}{section.4}% 17
\BOOKMARK [2][-]{subsection.4.2}{\376\377\000E\000s\000t\000r\000u\000c\000t\000u\000r\000a\000\040\000g\000e\000n\000e\000r\000a\000l}{section.4}% 18
\BOOKMARK [2][-]{subsection.4.3}{\376\377\000C\000a\000m\000p\000o\000s\000\040\000d\000e\000\040\000l\000o\000s\000\040\000p\000a\000c\000i\000e\000n\000t\000e\000s}{section.4}% 19
\BOOKMARK [2][-]{subsection.4.4}{\376\377\000P\000r\000o\000c\000e\000s\000o\000\040\000d\000e\000\040\000g\000e\000n\000e\000r\000a\000c\000i\000\363\000n}{section.4}% 20
\BOOKMARK [2][-]{subsection.4.5}{\376\377\000J\000u\000s\000t\000i\000f\000i\000c\000a\000c\000i\000\363\000n\000\040\000d\000e\000\040\000v\000a\000l\000i\000d\000e\000z}{section.4}% 21
\BOOKMARK [1][-]{section.5}{\376\377\000D\000i\000s\000e\000\361\000o\000\040\000d\000e\000l\000\040\000a\000l\000g\000o\000r\000i\000t\000m\000o}{}% 22
\BOOKMARK [2][-]{subsection.5.1}{\376\377\000V\000i\000s\000i\000\363\000n\000\040\000g\000e\000n\000e\000r\000a\000l}{section.5}% 23
\BOOKMARK [2][-]{subsection.5.2}{\376\377\000A\000r\000q\000u\000i\000t\000e\000c\000t\000u\000r\000a\000\040\000d\000e\000\040\000l\000a\000\040\000s\000o\000l\000u\000c\000i\000\363\000n}{section.5}% 24
\BOOKMARK [2][-]{subsection.5.3}{\376\377\000P\000r\000o\000c\000e\000s\000a\000m\000i\000e\000n\000t\000o\000\040\000d\000e\000\040\000l\000l\000e\000g\000a\000d\000a\000s}{section.5}% 25
\BOOKMARK [2][-]{subsection.5.4}{\376\377\000C\000o\000n\000s\000t\000r\000u\000c\000c\000i\000\363\000n\000\040\000y\000\040\000r\000e\000o\000r\000d\000e\000n\000a\000m\000i\000e\000n\000t\000o\000\040\000d\000e\000\040\000l\000a\000\040\000c\000o\000l\000a}{section.5}% 26
\BOOKMARK [2][-]{subsection.5.5}{\376\377\000P\000o\000l\000\355\000t\000i\000c\000a\000\040\000d\000e\000\040\000a\000d\000m\000i\000s\000i\000\363\000n}{section.5}% 27
\BOOKMARK [2][-]{subsection.5.6}{\376\377\000E\000v\000o\000l\000u\000c\000i\000\363\000n\000\040\000c\000l\000\355\000n\000i\000c\000a\000\040\000y\000\040\000c\000o\000n\000s\000u\000m\000o\000\040\000d\000e\000\040\000r\000e\000c\000u\000r\000s\000o\000s}{section.5}% 28
\BOOKMARK [2][-]{subsection.5.7}{\376\377\000E\000s\000t\000r\000a\000t\000e\000g\000i\000a\000\040\000d\000e\000\040\000b\000\372\000s\000q\000u\000e\000d\000a\000\040\000u\000\040\000o\000p\000t\000i\000m\000i\000z\000a\000c\000i\000\363\000n}{section.5}% 29
\BOOKMARK [2][-]{subsection.5.8}{\376\377\000C\000o\000m\000p\000l\000e\000j\000i\000d\000a\000d\000\040\000c\000o\000m\000p\000u\000t\000a\000c\000i\000o\000n\000a\000l}{section.5}% 30
\BOOKMARK [3][-]{subsubsection.5.8.1}{\376\377\000C\000o\000m\000p\000o\000n\000e\000n\000t\000e\000s\000\040\000d\000e\000t\000e\000r\000m\000i\000n\000i\000s\000t\000a\000s}{subsection.5.8}% 31
\BOOKMARK [3][-]{subsubsection.5.8.2}{\376\377\000C\000o\000m\000p\000o\000n\000e\000n\000t\000e\000s\000\040\000e\000s\000t\000o\000c\000\341\000s\000t\000i\000c\000o\000s}{subsection.5.8}% 32
\BOOKMARK [3][-]{subsubsection.5.8.3}{\376\377\000E\000s\000t\000r\000a\000t\000e\000g\000i\000a\000\040\000d\000e\000\040\000m\000e\000j\000o\000r\000a\000\040\000l\000o\000c\000a\000l}{subsection.5.8}% 33
\BOOKMARK [1][-]{section.6}{\376\377\000R\000o\000l\000\040\000d\000e\000l\000\040\000L\000L\000M\000\040\000e\000n\000\040\000e\000l\000\040\000s\000i\000s\000t\000e\000m\000a}{}% 34
\BOOKMARK [1][-]{section.7}{\376\377\000M\000e\000t\000o\000d\000o\000l\000o\000g\000\355\000a\000\040\000e\000x\000p\000e\000r\000i\000m\000e\000n\000t\000a\000l}{}% 35
\BOOKMARK [2][-]{subsection.7.1}{\376\377\000D\000i\000s\000e\000\361\000o\000\040\000e\000x\000p\000e\000r\000i\000m\000e\000n\000t\000a\000l}{section.7}% 36
\BOOKMARK [2][-]{subsection.7.2}{\376\377\000I\000n\000s\000t\000a\000n\000c\000i\000a\000s\000\040\000d\000e\000\040\000p\000r\000u\000e\000b\000a}{section.7}% 37
\BOOKMARK [2][-]{subsection.7.3}{\376\377\000C\000o\000n\000f\000i\000g\000u\000r\000a\000c\000i\000o\000n\000e\000s\000\040\000c\000o\000m\000p\000a\000r\000a\000d\000a\000s}{section.7}% 38
\BOOKMARK [2][-]{subsection.7.4}{\376\377\000M\000\351\000t\000r\000i\000c\000a\000s\000\040\000e\000m\000p\000l\000e\000a\000d\000a\000s}{section.7}% 39
\BOOKMARK [2][-]{subsection.7.5}{\376\377\000P\000r\000o\000c\000e\000d\000i\000m\000i\000e\000n\000t\000o\000\040\000d\000e\000\040\000e\000v\000a\000l\000u\000a\000c\000i\000\363\000n}{section.7}% 40
\BOOKMARK [3][-]{subsubsection.7.5.1}{\376\377\000P\000a\000r\000\341\000m\000e\000t\000r\000o\000s\000\040\000d\000e\000l\000\040\000s\000i\000m\000u\000l\000a\000d\000o\000r}{subsection.7.5}% 41
\BOOKMARK [3][-]{subsubsection.7.5.2}{\376\377\000B\000a\000s\000e\000l\000i\000n\000e\000s}{subsection.7.5}% 42
\BOOKMARK [2][-]{subsection.7.6}{\376\377\000A\000n\000\341\000l\000i\000s\000i\000s\000\040\000d\000e\000\040\000l\000o\000s\000\040\000r\000e\000s\000u\000l\000t\000a\000d\000o\000s}{section.7}% 43
\BOOKMARK [1][-]{section.8}{\376\377\000R\000e\000s\000u\000l\000t\000a\000d\000o\000s\000\040\000y\000\040\000A\000n\000\341\000l\000i\000s\000i\000s}{}% 44
\BOOKMARK [2][-]{subsection.8.1}{\376\377\000E\000v\000a\000l\000u\000a\000c\000i\000\363\000n\000\040\000d\000e\000l\000\040\000R\000e\000n\000d\000i\000m\000i\000e\000n\000t\000o\000\040\000G\000l\000o\000b\000a\000l}{section.8}% 45
\BOOKMARK [2][-]{subsection.8.2}{\376\377\000D\000i\000n\000\341\000m\000i\000c\000a\000\040\000C\000o\000m\000p\000a\000r\000a\000t\000i\000v\000a\000\040\000I\000n\000t\000e\000r\000-\000P\000o\000l\000\355\000t\000i\000c\000a\000s}{section.8}% 46
\BOOKMARK [2][-]{subsection.8.3}{\376\377\000A\000n\000\341\000l\000i\000s\000i\000s\000\040\000d\000e\000\040\000S\000e\000n\000s\000i\000b\000i\000l\000i\000d\000a\000d\000\040\000P\000a\000r\000a\000m\000\351\000t\000r\000i\000c\000a}{section.8}% 47
\BOOKMARK [1][-]{section.9}{\376\377\000L\000i\000m\000i\000t\000a\000c\000i\000o\000n\000e\000s\000\040\000y\000\040\000p\000o\000s\000i\000b\000l\000e\000s\000\040\000m\000e\000j\000o\000r\000a\000s}{}% 48
\BOOKMARK [1][-]{section.10}{\376\377\000C\000o\000n\000c\000l\000u\000s\000i\000o\000n\000e\000s}{}% 49
